======================================================================
FINAL AGENT VERIFICATION - UPGRADE COMPLETE
======================================================================

Traceback (most recent call last):
  File "C:\Users\dusti\code-boss\final_verification.py", line 104, in <module>
    main()
  File "C:\Users\dusti\code-boss\final_verification.py", line 40, in main
    print(f"\n\U0001f4dd Testing: {test['name']}")
  File "C:\Users\dusti\AppData\Local\Programs\Python\Python312\Lib\encodings\cp1252.py", line 19, in encode
    return codecs.charmap_encode(input,self.errors,encoding_table)[0]
           ^^^^^^^^^^^^^^^^^^^^^^^^^^^^^^^^^^^^^^^^^^^^^^^^^^^^^^^
UnicodeEncodeError: 'charmap' codec can't encode character '\U0001f4dd' in position 2: character maps to <undefined>
